
> ai-tool@0.1.0 build D:\project\vero
> next build

   Γû▓ Next.js 15.3.4
   - Environments: .env

   Creating an optimized production build ...
node.exe : glob error 
[Error: EPERM: operation 
not permitted, scandir 
'C:\Users\ayush\Cookies'] {
At C:\Users\ayush\AppData\R
oaming\npm\pnpm.ps1:24 
char:5
+     & "node$exe"  "$based
ir/node_modules/pnpm/bin/pn
pm.cjs" $args
+     ~~~~~~~~~~~~~~~~~~~~~
~~~~~~~~~~~~~~~~~~~~~~~~~~~
~~~~~~~~~~~~~
    + CategoryInfo         
     : NotSpecified: (glo  
  b error [Err...ush\Coo   
 kies'] {:String) [], R    
emoteException
    + FullyQualifiedErrorI 
   d : NativeCommandError
 
  errno: -4048,
  code: 'EPERM',
  syscall: 'scandir',
  path: 
'C:\\Users\\ayush\\Cookies'
}
Failed to compile.

Error: EPERM: operation 
not permitted, scandir 
'C:\Users\ayush\Cookies'


> Build failed because of 
webpack errors
ΓÇëELIFECYCLEΓÇë Command failed with exit code 1.
